MPLINK 4.37, Linker
Linker Map File - Created Fri Jun 24 16:20:09 2016

                                 Section Info
                  Section       Type    Address   Location Size(Bytes)
                ---------  ---------  ---------  ---------  ---------
                   .org_0       code   0x000000    program   0x000002
                   .cinit    romdata   0x000001    program   0x000004
                   .org_1       code   0x000005    program   0x000496
       .config_2007_LED.O       code   0x002007    program   0x000002



                              Program Memory Usage 
                               Start         End      
                           ---------   ---------      
                            0x000000    0x000002      
                            0x000005    0x00024f      
                            0x002007    0x002007      
            591 out of 1093 program addresses used, program memory utilization is 54%



                              Symbols - Sorted by Name
                     Name    Address   Location    Storage File                     
                ---------  ---------  ---------  --------- ---------                
                   Apagar   0x000016    program     static C:\Users\laboratorio1\Desktop\led.asm
                  Apagarr   0x00001b    program     static C:\Users\laboratorio1\Desktop\led.asm
                    Bucle   0x000012    program     static C:\Users\laboratorio1\Desktop\led.asm
                   Buclee   0x000017    program     static C:\Users\laboratorio1\Desktop\led.asm
                   Inicio   0x000005    program     static C:\Users\laboratorio1\Desktop\led.asm
                   PDelL1   0x000240    program     static C:\Users\laboratorio1\Desktop\led.asm
                   PDelL2   0x000241    program     static C:\Users\laboratorio1\Desktop\led.asm
                   PDelL3   0x000242    program     static C:\Users\laboratorio1\Desktop\led.asm
                   PDelL4   0x000247    program     static C:\Users\laboratorio1\Desktop\led.asm
                   PDelL5   0x000248    program     static C:\Users\laboratorio1\Desktop\led.asm
                   PDelL6   0x000249    program     static C:\Users\laboratorio1\Desktop\led.asm
                   PDelL7   0x00024a    program     static C:\Users\laboratorio1\Desktop\led.asm
                   PLoop1   0x00023d    program     static C:\Users\laboratorio1\Desktop\led.asm
                   PLoop2   0x00023f    program     static C:\Users\laboratorio1\Desktop\led.asm
                    Reset   0x000000    program     static C:\Users\laboratorio1\Desktop\led.asm
                  apagado   0x00024c    program     static C:\Users\laboratorio1\Desktop\led.asm
                   demora   0x00023b    program     static C:\Users\laboratorio1\Desktop\led.asm
                   quieto   0x000010    program     static C:\Users\laboratorio1\Desktop\led.asm
                       re   0x00001e    program     static C:\Users\laboratorio1\Desktop\led.asm
                      vue   0x0001c3    program     static C:\Users\laboratorio1\Desktop\led.asm



                              Symbols - Sorted by Address
                     Name    Address   Location    Storage File                     
                ---------  ---------  ---------  --------- ---------                
                    Reset   0x000000    program     static C:\Users\laboratorio1\Desktop\led.asm
                   Inicio   0x000005    program     static C:\Users\laboratorio1\Desktop\led.asm
                   quieto   0x000010    program     static C:\Users\laboratorio1\Desktop\led.asm
                    Bucle   0x000012    program     static C:\Users\laboratorio1\Desktop\led.asm
                   Apagar   0x000016    program     static C:\Users\laboratorio1\Desktop\led.asm
                   Buclee   0x000017    program     static C:\Users\laboratorio1\Desktop\led.asm
                  Apagarr   0x00001b    program     static C:\Users\laboratorio1\Desktop\led.asm
                       re   0x00001e    program     static C:\Users\laboratorio1\Desktop\led.asm
                      vue   0x0001c3    program     static C:\Users\laboratorio1\Desktop\led.asm
                   demora   0x00023b    program     static C:\Users\laboratorio1\Desktop\led.asm
                   PLoop1   0x00023d    program     static C:\Users\laboratorio1\Desktop\led.asm
                   PLoop2   0x00023f    program     static C:\Users\laboratorio1\Desktop\led.asm
                   PDelL1   0x000240    program     static C:\Users\laboratorio1\Desktop\led.asm
                   PDelL2   0x000241    program     static C:\Users\laboratorio1\Desktop\led.asm
                   PDelL3   0x000242    program     static C:\Users\laboratorio1\Desktop\led.asm
                   PDelL4   0x000247    program     static C:\Users\laboratorio1\Desktop\led.asm
                   PDelL5   0x000248    program     static C:\Users\laboratorio1\Desktop\led.asm
                   PDelL6   0x000249    program     static C:\Users\laboratorio1\Desktop\led.asm
                   PDelL7   0x00024a    program     static C:\Users\laboratorio1\Desktop\led.asm
                  apagado   0x00024c    program     static C:\Users\laboratorio1\Desktop\led.asm


